6 R 151 R 31 B 3 R 29 B 55 B 55 - 0 B 15 B 7 R 48 B 81 B 4 B 24 B 34 B 28 B 32 B 21 B 48 B 25 B 34 R 135 B 27 R 55 R 63 R 76 B 28 R 79 R 38 B 19 B 39 B 50 B 42 B 16 R 73 R 42 
