51 R 90 R 343 R 275 B 115 B 50 R 59 R 155 B 105 - -1 G 316 B 177 - -1 B 109 R 41 - -1 B 118 R 188 - -1 R 15 R 266 G 92 R 104 R 72 - -1 B 151 - -1 R 73 - -1 B 100 B 98 - -1 R 127 R 29 R 323 B 19 G 116 R 307 - -1 - -1 R 414 R 174 G 135 G 245 G 134 R 152 R 505 - -1 - -1 R 166 G 101 G 198 - 0 - -1 R 62 G 132 R 269 R 199 - -1 R 358 G 132 R 88 B 117 - -1 R 126 R 88 R 431 B 62 B 164 B 69 B 152 R 361 R 49 R 46 G 179 B 143 G 165 R 48 - -1 - -1 R 125 R 154 G 138 G 120 - -1 R 192 R 294 R 137 B 33 R 419 R 64 B 141 G 140 G 95 R 45 G 253 R 157 G 364 R 56 R 61 - -1 R 487 B 73 B 194 - -1 R 214 R 482 R 379 B 171 - -1 B 140 - -1 R 106 - -1 - -1 R 338 - -1 - -1 B 104 B 124 - -1 R 10 G 76 G 35 - -1 R 123 B 106 R 234 R 200 R 58 - -1 - -1 G 76 - -1 - -1 - -1 R 242 G 141 - -1 R 85 - -1 - -1 - -1 G 333 B 113 G 98 
