25 G 83 B 45 R 139 R 136 B 68 R 78 R 76 B 88 R 68 R 105 G 56 R 61 G 40 B 18 R 121 B 70 B 109 B 93 R 41 G 7 G 62 R 98 R 116 G 46 R 25 - 0 G 18 B 30 R 100 G 45 G 86 R 103 B 50 R 69 R 120 B 84 B 39 B 112 R 81 B 116 R 109 B 111 B 72 B 87 R 81 B 61 R 100 R 139 R 88 
