7 - -1 B 234 - -1 - -1 - -1 - -1 - -1 - 0 B 59 B 182 - -1 - -1 - -1 B 353 B 171 B 570 - -1 B 515 G 72 - -1 - -1 B 182 G 138 B 171 B 241 B 79 - -1 - -1 B 522 B 74 B 500 B 592 G 121 G 110 B 239 - -1 - -1 - -1 B 109 - -1 - -1 - -1 - -1 - -1 G 77 B 451 B 597 - -1 - -1 - -1 B 634 B 527 B 134 B 243 G 37 - -1 B 302 - -1 B 147 B 550 B 572 G 150 - -1 B 199 G 126 R 30 - -1 - -1 - -1 B 402 - -1 - -1 G 102 B 570 - -1 - -1 - -1 B 121 B 284 B 284 B 313 - -1 - -1 - -1 - -1 B 223 B 122 - -1 - -1 B 529 B 169 B 470 B 277 B 173 - -1 G 113 - -1 B 159 B 120 G 180 B 127 - -1 B 542 - -1 - -1 B 46 B 137 B 470 - -1 - -1 - -1 G 181 - -1 - -1 - -1 B 343 - -1 B 475 B 198 B 164 - -1 G 226 B 651 B 193 G 119 - -1 - -1 G 84 - -1 G 105 - -1 G 144 G 84 - -1 - -1 G 38 B 616 B 117 B 317 
