9 R 21 B 13 G 15 R 29 R 5 B 8 B 27 R 17 R 30 - 0 B 22 B 36 R 6 
