23 G 36 R 23 R 177 R 57 G 75 R 109 G 28 G 47 R 150 R 41 B 92 R 227 R 201 R 209 B 35 G 7 G 32 G 58 G 93 B 52 R 149 G 47 R 80 - 0 R 165 B 120 G 68 G 38 B 71 - -1 G 125 
