12 G 63 B 3 G 103 B 53 G 59 G 41 G 73 G 149 G 64 G 59 G 46 B 49 - 0 G 17 G 73 G 54 G 36 G 8 G 39 G 43 G 154 G 110 G 63 G 101 G 32 G 70 G 44 G 39 G 61 G 67 G 66 G 89 G 56 G 58 G 50 G 8 G 30 
