0 - 0 G 24 B 19 G 17 R 40 B 26 R 38 R 83 R 20 G 6 R 26 R 12 R 33 B 15 R 29 
