16 R 96 R 113 - -1 - -1 - -1 - -1 - -1 - -1 R 481 - -1 - -1 R 195 - -1 - -1 R 186 - -1 - 0 R 368 - -1 R 135 - -1 R 86 - -1 R 24 R 262 R 442 - -1 - -1 R 148 R 439 - -1 R 98 R 234 R 95 - -1 R 260 - -1 - -1 - -1 R 453 R 173 R 101 R 91 - -1 R 375 - -1 - -1 - -1 - -1 - -1 - -1 - -1 - -1 R 227 - -1 - -1 R 204 R 456 R 228 - -1 - -1 - -1 R 458 R 245 - -1 - -1 - -1 - -1 - -1 - -1 - -1 - -1 R 106 R 465 R 180 - -1 - -1 - -1 R 94 - -1 - -1 - -1 R 324 - -1 - -1 R 114 R 471 R 429 R 134 R 259 - -1 - -1 - -1 - -1 R 462 R 76 - -1 R 124 R 297 - -1 - -1 R 411 R 196 - -1 R 425 - -1 - -1 R 77 R 483 - -1 R 43 - -1 - -1 - -1 
