81 - -1 - -1 - -1 - -1 - -1 - -1 - -1 - -1 - -1 - -1 - -1 - -1 - -1 - -1 - -1 - -1 - -1 - -1 - -1 - -1 - -1 - -1 - -1 - -1 - -1 - -1 - -1 - -1 - -1 - -1 - -1 - -1 - -1 - -1 - -1 - -1 - -1 - -1 - -1 - -1 - -1 - -1 - -1 - -1 - -1 - -1 - -1 - -1 - -1 - -1 - -1 - -1 - -1 - -1 - -1 - -1 - -1 - -1 - -1 - -1 - -1 - -1 - -1 - -1 - -1 - -1 - -1 - -1 - -1 - -1 - -1 - -1 - -1 - -1 - -1 - -1 - -1 - -1 - -1 - -1 - -1 - 0 - -1 - -1 - -1 - -1 - -1 - -1 - -1 - -1 - -1 - -1 - -1 - -1 - -1 - -1 - -1 - -1 - -1 - -1 - -1 - -1 - -1 - -1 - -1 - -1 - -1 - -1 - -1 - -1 - -1 - -1 - -1 - -1 R 81 - -1 - -1 - -1 R 47 - -1 - -1 
