0 - 0 G 9 G 11 G 28 G 18 G 28 G 7 G 28 G 14 G 30 G 34 B 43 G 1 G 40 G 28 
